// Jest Snapshot v1, https://goo.gl/fbAQLP

exports[`render correctly 1`] = `
<div
  className="quote"
>
  <q>
    We will always have STEM with us. Some things will drop out of the public eye and go away, but there will always be science, engineering, and technology. And there will always, always be mathematics.
  </q>
  <small>
    Katherine Johnson, African-American mathematician
  </small>
</div>
`;
